[0.016s] Invoking command in '/home/drcl-rss/Documents/tita_ws/src/tita_ui/build/tita_ui': /home/drcl-rss/cmake-install/bin/cmake /home/drcl-rss/Documents/tita_ws/src/tita_ui -DCMAKE_INSTALL_PREFIX=/home/drcl-rss/Documents/tita_ws/src/tita_ui/install/tita_ui
[0.065s] CMake Deprecation Warning at CMakeLists.txt:1 (cmake_minimum_required):
[0.065s]   Compatibility with CMake < 3.10 will be removed from a future version of
[0.065s]   CMake.
[0.065s] 
[0.065s]   Update the VERSION argument <min> value.  Or, use the <min>...<max> syntax
[0.065s]   to tell CMake that the project requires at least <min> but has been updated
[0.065s]   to work with policies introduced by <max> or earlier.
[0.065s] 
[0.066s] 
[0.180s] -- The C compiler identification is GNU 9.4.0
[0.286s] -- The CXX compiler identification is GNU 9.4.0
[0.303s] -- Detecting C compiler ABI info
[0.394s] -- Detecting C compiler ABI info - done
[0.433s] -- Check for working C compiler: /usr/bin/cc - skipped
[0.433s] -- Detecting C compile features
[0.434s] -- Detecting C compile features - done
[0.452s] -- Detecting CXX compiler ABI info
[0.556s] -- Detecting CXX compiler ABI info - done
[0.595s] -- Check for working CXX compiler: /usr/bin/c++ - skipped
[0.595s] -- Detecting CXX compile features
[0.596s] -- Detecting CXX compile features - done
[0.623s] CMake Error at CMakeLists.txt:19 (find_package):
[0.623s]   By not providing "Findament_cmake.cmake" in CMAKE_MODULE_PATH this project
[0.624s]   has asked CMake to find a package configuration file provided by
[0.624s]   "ament_cmake", but CMake did not find one.
[0.624s] 
[0.624s]   Could not find a package configuration file provided by "ament_cmake" with
[0.624s]   any of the following names:
[0.624s] 
[0.624s]     ament_cmakeConfig.cmake
[0.624s]     ament_cmake-config.cmake
[0.625s] 
[0.625s]   Add the installation prefix of "ament_cmake" to CMAKE_PREFIX_PATH or set
[0.625s]   "ament_cmake_DIR" to a directory containing one of the above files.  If
[0.625s]   "ament_cmake" provides a separate development package or SDK, be sure it
[0.625s]   has been installed.
[0.625s] 
[0.625s] 
[0.626s] -- Configuring incomplete, errors occurred!
[0.629s] Invoked command in '/home/drcl-rss/Documents/tita_ws/src/tita_ui/build/tita_ui' returned '1': /home/drcl-rss/cmake-install/bin/cmake /home/drcl-rss/Documents/tita_ws/src/tita_ui -DCMAKE_INSTALL_PREFIX=/home/drcl-rss/Documents/tita_ws/src/tita_ui/install/tita_ui
